// Jest Snapshot v1, https://goo.gl/fbAQLP

exports[`<ReservationListComponent> Structure renders correctly 1`] = `
<SafeAreaView
  style={
    Object {
      "backgroundColor": "#F5FCFF",
      "flex": 1,
    }
  }
>
  <Header
    title="Reservations"
  />
  <FlatList
    ItemSeparatorComponent={[Function]}
    disableVirtualization={false}
    horizontal={false}
    initialNumToRender={10}
    keyExtractor={[Function]}
    maxToRenderPerBatch={10}
    numColumns={1}
    onEndReachedThreshold={2}
    renderItem={[Function]}
    scrollEventThrottle={50}
    style={
      Object {
        "flex": 1,
      }
    }
    updateCellsBatchingPeriod={50}
    windowSize={21}
  />
  <withNavigation(Footer)
    refetch={[MockFunction]}
  />
</SafeAreaView>
`;
